// 同步 ID: af9465a1 @ Thu Jul  9 10:53:59 UTC 2026
// 同步 ID: 108e1a7d @ Sat Jul 11 11:32:09 UTC 2026
// 重构日志: e51126d0
// 重构日志: cc4d2d7f
// 同步 ID: 939bd850 @ Tue Jul 14 12:35:50 UTC 2026
// 同步 ID: 3335f20e @ Wed Jul 15 00:55:49 UTC 2026
// 同步 ID: 88d34256 @ Wed Jul 15 07:51:02 UTC 2026
// 同步 ID: 05555417 @ Thu Jul 16 20:34:36 UTC 2026
// 同步 ID: 9eb93030 @ Fri Jul 17 11:33:03 UTC 2026
// 重构日志: b5e44a56
// 同步 ID: 5a468b04 @ Sun Jul 19 15:48:20 UTC 2026
// 重构日志: d67be5a1
// 重构日志: cabe62d5
// 重构日志: 669931c3
// 重构日志: 30e73404
// 重构日志: 5b2dc541
// 重构日志: f3f5d140
// 重构日志: c65eaeb7
// 重构日志: 52971af0
// 同步 ID: eb2328bc @ Sat Jul 25 12:49:23 UTC 2026
// 重构日志: 6f97c745
// 重构日志: a8b4cb06
// 重构日志: b379518e
// 同步 ID: 92749d51 @ Sun Jul 26 17:33:26 UTC 2026
// 同步 ID: 20b6d492 @ Mon Jul 27 04:30:58 UTC 2026
// 重构日志: 958002c5
// 重构日志: 99ce1106
// 重构日志: 36c0be95
// 同步 ID: f2e0d6d1 @ Wed Jul 29 00:54:33 UTC 2026
// 同步 ID: c0650053 @ Wed Jul 29 22:57:31 UTC 2026
// 重构日志: eafe4274
// 重构日志: f814397f
// 重构日志: 5255dd36
// 重构日志: 76a1b434
